#
# There is insufficient memory for the Java Runtime Environment to continue.
# Native memory allocation (malloc) failed to allocate 1056976 bytes. Error detail: Chunk::new
# Possible reasons:
#   The system is out of physical RAM or swap space
#   This process is running with CompressedOops enabled, and the Java Heap may be blocking the growth of the native heap
# Possible solutions:
#   Reduce memory load on the system
#   Increase physical memory or swap space
#   Check if swap backing store is full
#   Decrease Java heap size (-Xmx/-Xms)
#   Decrease number of Java threads
#   Decrease Java thread stack sizes (-Xss)
#   Set larger code cache with -XX:ReservedCodeCacheSize=
#   JVM is running with Unscaled Compressed Oops mode in which the Java heap is
#     placed in the first 4GB address space. The Java Heap base address is the
#     maximum limit for the native heap growth. Please use -XX:HeapBaseMinAddress
#     to set the Java Heap base and to place the Java Heap above 4GB virtual address.
# This output file may be truncated or incomplete.
#
#  Out of Memory Error (arena.cpp:168), pid=25440, tid=8676
#
# JRE version: OpenJDK Runtime Environment Temurin-21.0.10+7 (21.0.10+7) (build 21.0.10+7-LTS)
# Java VM: OpenJDK 64-Bit Server VM Temurin-21.0.10+7 (21.0.10+7-LTS, mixed mode, sharing, tiered, compressed oops, compressed class ptrs, parallel gc, windows-amd64)
# No core dump will be written. Minidumps are not enabled by default on client versions of Windows
#

---------------  S U M M A R Y ------------

Command Line: --add-modules=ALL-SYSTEM --add-opens=java.base/java.util=ALL-UNNAMED --add-opens=java.base/java.lang=ALL-UNNAMED --add-opens=java.base/sun.nio.fs=ALL-UNNAMED -Declipse.application=org.eclipse.jdt.ls.core.id1 -Dosgi.bundles.defaultStartLevel=4 -Declipse.product=org.eclipse.jdt.ls.core.product -Djava.import.generatesMetadataFilesAtProjectRoot=false -DDetectVMInstallationsJob.disabled=true -Dfile.encoding=utf8 -XX:+UseParallelGC -XX:GCTimeRatio=4 -XX:AdaptiveSizePolicyWeight=90 -Dsun.zip.disableMemoryMapping=true -Xmx2G -Xms100m -Xlog:disable -javaagent:c:\Users\rihab\.vscode\extensions\redhat.java-1.54.0-win32-x64\lombok\lombok-1.18.39-4050.jar -XX:+HeapDumpOnOutOfMemoryError -XX:HeapDumpPath=c:\Users\rihab\AppData\Roaming\Code\User\workspaceStorage\286a935599f16795b0ff6795763e5c93\redhat.java -Daether.dependencyCollector.impl=bf c:\Users\rihab\.vscode\extensions\redhat.java-1.54.0-win32-x64\server\plugins\org.eclipse.equinox.launcher_1.7.100.v20251111-0406.jar -configuration c:\Users\rihab\AppData\Roaming\Code\User\globalStorage\redhat.java\1.54.0\config_win -data c:\Users\rihab\AppData\Roaming\Code\User\workspaceStorage\286a935599f16795b0ff6795763e5c93\redhat.java\jdt_ws --pipe=\\.\pipe\lsp-0fcfd613153c1b181453d7d3c048e035-sock

Host: Intel(R) Celeron(R) N4120 CPU @ 1.10GHz, 4 cores, 15G,  Windows 11 , 64 bit Build 22621 (10.0.22621.5415)
Time: Sat May 16 15:55:49 2026 W. Central Africa Standard Time elapsed time: 151.873394 seconds (0d 0h 2m 31s)

---------------  T H R E A D  ---------------

Current thread (0x0000015143dd62e0):  JavaThread "C2 CompilerThread0" daemon [_thread_in_native, id=8676, stack(0x0000000b49b00000,0x0000000b49c00000) (1024K)]


Current CompileTask:
C2:151873 13271       4       org.eclipse.jdt.internal.compiler.lookup.BinaryTypeBinding::createMethod (1666 bytes)

Stack: [0x0000000b49b00000,0x0000000b49c00000]
Native frames: (J=compiled Java code, j=interpreted, Vv=VM code, C=native code)
V  [jvm.dll+0x6d7a39]
V  [jvm.dll+0x8b4b26]
V  [jvm.dll+0x8b70de]
V  [jvm.dll+0x8b77c3]
V  [jvm.dll+0x284346]
V  [jvm.dll+0xc66ed]
V  [jvm.dll+0xc6c31]
V  [jvm.dll+0x2fb29e]
V  [jvm.dll+0x5fe884]
V  [jvm.dll+0x255b17]
V  [jvm.dll+0x24e21f]
V  [jvm.dll+0x24ba42]
V  [jvm.dll+0x1cb34e]
V  [jvm.dll+0x25b85d]
V  [jvm.dll+0x259dea]
V  [jvm.dll+0x3f857e]
V  [jvm.dll+0x85f59d]
V  [jvm.dll+0x6d626d]
C  [ucrtbase.dll+0x29333]
C  [KERNEL32.DLL+0x1259d]
C  [ntdll.dll+0x5af78]


---------------  P R O C E S S  ---------------

Threads class SMR info:
_java_thread_list=0x00000151645ddb90, length=37, elements={
0x0000015143ee4f60, 0x0000015143f99560, 0x0000015143f9ad70, 0x0000015143dcffd0,
0x0000015143dd0b00, 0x0000015143dd1a20, 0x0000015143dd54a0, 0x0000015143dd62e0,
0x0000015143e3f6c0, 0x000001515b5d6500, 0x000001515b6d1080, 0x000001516041bcd0,
0x00000151605da3d0, 0x000001515b5e95e0, 0x00000151605d9d20, 0x000001516063b570,
0x0000015160742170, 0x0000015160af06f0, 0x0000015160f366e0, 0x0000015160f35330,
0x0000015160f359c0, 0x0000015160f36050, 0x000001516266c0f0, 0x00000151626685e0,
0x000001516266c780, 0x000001516266a6b0, 0x000001516266ba60, 0x000001516266ce10,
0x0000015162668c70, 0x0000015162669300, 0x000001516266d4a0, 0x000001516266db30,
0x0000015162669990, 0x000001516266e1c0, 0x000001516266ad40, 0x000001516266a020,
0x00000151620b76e0
}

Java Threads: ( => current thread )
  0x0000015143ee4f60 JavaThread "main"                              [_thread_blocked, id=15964, stack(0x0000000b49100000,0x0000000b49200000) (1024K)]
  0x0000015143f99560 JavaThread "Reference Handler"          daemon [_thread_blocked, id=16316, stack(0x0000000b49500000,0x0000000b49600000) (1024K)]
  0x0000015143f9ad70 JavaThread "Finalizer"                  daemon [_thread_blocked, id=11708, stack(0x0000000b49600000,0x0000000b49700000) (1024K)]
  0x0000015143dcffd0 JavaThread "Signal Dispatcher"          daemon [_thread_blocked, id=21568, stack(0x0000000b49700000,0x0000000b49800000) (1024K)]
  0x0000015143dd0b00 JavaThread "Attach Listener"            daemon [_thread_blocked, id=20820, stack(0x0000000b49800000,0x0000000b49900000) (1024K)]
  0x0000015143dd1a20 JavaThread "Service Thread"             daemon [_thread_blocked, id=14572, stack(0x0000000b49900000,0x0000000b49a00000) (1024K)]
  0x0000015143dd54a0 JavaThread "Monitor Deflation Thread"   daemon [_thread_blocked, id=9136, stack(0x0000000b49a00000,0x0000000b49b00000) (1024K)]
=>0x0000015143dd62e0 JavaThread "C2 CompilerThread0"         daemon [_thread_in_native, id=8676, stack(0x0000000b49b00000,0x0000000b49c00000) (1024K)]
  0x0000015143e3f6c0 JavaThread "C1 CompilerThread0"         daemon [_thread_blocked, id=23528, stack(0x0000000b49c00000,0x0000000b49d00000) (1024K)]
  0x000001515b5d6500 JavaThread "Common-Cleaner"             daemon [_thread_blocked, id=22772, stack(0x0000000b49d00000,0x0000000b49e00000) (1024K)]
  0x000001515b6d1080 JavaThread "Notification Thread"        daemon [_thread_blocked, id=23624, stack(0x0000000b49f00000,0x0000000b4a000000) (1024K)]
  0x000001516041bcd0 JavaThread "Active Thread: Equinox Container: 3c5955c0-fd77-4c1d-bf6b-8ef14285d118"        [_thread_blocked, id=20504, stack(0x0000000b4a300000,0x0000000b4a400000) (1024K)]
  0x00000151605da3d0 JavaThread "Refresh Thread: Equinox Container: 3c5955c0-fd77-4c1d-bf6b-8ef14285d118" daemon [_thread_blocked, id=24732, stack(0x0000000b4a400000,0x0000000b4a500000) (1024K)]
  0x000001515b5e95e0 JavaThread "Framework Event Dispatcher: Equinox Container: 3c5955c0-fd77-4c1d-bf6b-8ef14285d118" daemon [_thread_blocked, id=20724, stack(0x0000000b4a500000,0x0000000b4a600000) (1024K)]
  0x00000151605d9d20 JavaThread "Start Level: Equinox Container: 3c5955c0-fd77-4c1d-bf6b-8ef14285d118" daemon [_thread_blocked, id=21836, stack(0x0000000b4a200000,0x0000000b4a300000) (1024K)]
  0x000001516063b570 JavaThread "Bundle File Closer"         daemon [_thread_blocked, id=25316, stack(0x0000000b4a700000,0x0000000b4a800000) (1024K)]
  0x0000015160742170 JavaThread "SCR Component Actor"        daemon [_thread_blocked, id=24044, stack(0x0000000b48e00000,0x0000000b48f00000) (1024K)]
  0x0000015160af06f0 JavaThread "Worker-JM"                         [_thread_blocked, id=24160, stack(0x0000000b4a600000,0x0000000b4a700000) (1024K)]
  0x0000015160f366e0 JavaThread "JNA Cleaner"                daemon [_thread_blocked, id=25340, stack(0x0000000b48f00000,0x0000000b49000000) (1024K)]
  0x0000015160f35330 JavaThread "Worker-0"                          [_thread_blocked, id=24444, stack(0x0000000b4a900000,0x0000000b4aa00000) (1024K)]
  0x0000015160f359c0 JavaThread "Worker-1: Initialize workspace"        [_thread_in_native, id=4856, stack(0x0000000b4aa00000,0x0000000b4ab00000) (1024K)]
  0x0000015160f36050 JavaThread "Worker-2"                          [_thread_blocked, id=4800, stack(0x0000000b4ac00000,0x0000000b4ad00000) (1024K)]
  0x000001516266c0f0 JavaThread "Java indexing"              daemon [_thread_blocked, id=24776, stack(0x0000000b4ad00000,0x0000000b4ae00000) (1024K)]
  0x00000151626685e0 JavaThread "Worker-3: Publish Diagnostics"        [_thread_in_native, id=22296, stack(0x0000000b4ae00000,0x0000000b4af00000) (1024K)]
  0x000001516266c780 JavaThread "Worker-4"                          [_thread_blocked, id=8188, stack(0x0000000b4af00000,0x0000000b4b000000) (1024K)]
  0x000001516266a6b0 JavaThread "Thread-1"                   daemon [_thread_in_native, id=13636, stack(0x0000000b4b100000,0x0000000b4b200000) (1024K)]
  0x000001516266ba60 JavaThread "Thread-2"                   daemon [_thread_in_native, id=1928, stack(0x0000000b4b200000,0x0000000b4b300000) (1024K)]
  0x000001516266ce10 JavaThread "Thread-3"                   daemon [_thread_in_native, id=12780, stack(0x0000000b4b300000,0x0000000b4b400000) (1024K)]
  0x0000015162668c70 JavaThread "Thread-4"                   daemon [_thread_in_native, id=22352, stack(0x0000000b4b400000,0x0000000b4b500000) (1024K)]
  0x0000015162669300 JavaThread "Thread-5"                   daemon [_thread_in_native, id=20696, stack(0x0000000b4b500000,0x0000000b4b600000) (1024K)]
  0x000001516266d4a0 JavaThread "pool-2-thread-1"                   [_thread_blocked, id=12844, stack(0x0000000b4b600000,0x0000000b4b700000) (1024K)]
  0x000001516266db30 JavaThread "ForkJoinPool.commonPool-worker-1" daemon [_thread_blocked, id=12932, stack(0x0000000b4b700000,0x0000000b4b800000) (1024K)]
  0x0000015162669990 JavaThread "ForkJoinPool.commonPool-worker-2" daemon [_thread_in_vm, id=20936, stack(0x0000000b4b800000,0x0000000b4b900000) (1024K)]
  0x000001516266e1c0 JavaThread "ForkJoinPool.commonPool-worker-3" daemon [_thread_in_native, id=24292, stack(0x0000000b4b900000,0x0000000b4ba00000) (1024K)]
  0x000001516266ad40 JavaThread "WorkspaceEventsHandler"            [_thread_blocked, id=992, stack(0x0000000b4ba00000,0x0000000b4bb00000) (1024K)]
  0x000001516266a020 JavaThread "pool-1-thread-1"                   [_thread_blocked, id=22684, stack(0x0000000b4bb00000,0x0000000b4bc00000) (1024K)]
  0x00000151620b76e0 JavaThread "C2 CompilerThread1"         daemon [_thread_in_native, id=24220, stack(0x0000000b49000000,0x0000000b49100000) (1024K)]
Total: 37

Other Threads:
  0x0000015143dcf880 VMThread "VM Thread"                           [id=1964, stack(0x0000000b49400000,0x0000000b49500000) (1024K)]
  0x0000015143d6cb00 WatcherThread "VM Periodic Task Thread"        [id=10720, stack(0x0000000b49300000,0x0000000b49400000) (1024K)]
  0x0000015143f02260 WorkerThread "GC Thread#0"                     [id=20872, stack(0x0000000b49200000,0x0000000b49300000) (1024K)]
  0x0000015160161ff0 WorkerThread "GC Thread#1"                     [id=25704, stack(0x0000000b49e00000,0x0000000b49f00000) (1024K)]
  0x00000151601665f0 WorkerThread "GC Thread#2"                     [id=23320, stack(0x0000000b4a000000,0x0000000b4a100000) (1024K)]
  0x00000151601669a0 WorkerThread "GC Thread#3"                     [id=25576, stack(0x0000000b4a100000,0x0000000b4a200000) (1024K)]
Total: 6

Threads with active compile tasks:
C2 CompilerThread0  151945 13271       4       org.eclipse.jdt.internal.compiler.lookup.BinaryTypeBinding::createMethod (1666 bytes)
C1 CompilerThread0  151945 13408   !   3       org.eclipse.core.internal.content.ContentTypeManager::getInstance (39 bytes)
C2 CompilerThread1  151945 13401       4       java.lang.reflect.Field::get (39 bytes)
Total: 3

VM state: not at safepoint (normal execution)

VM Mutex/Monitor currently owned by a thread: None

OutOfMemory and StackOverflow Exception counts:
OutOfMemoryError java_heap_errors=1
LinkageErrors=132

Heap address: 0x0000000080000000, size: 2048 MB, Compressed Oops mode: 32-bit

CDS archive(s) mapped at: [0x0000015100000000-0x0000015100ba0000-0x0000015100ba0000), size 12189696, SharedBaseAddress: 0x0000015100000000, ArchiveRelocationMode: 1.
Compressed class space mapped at: 0x0000015101000000-0x0000015141000000, reserved size: 1073741824
Narrow klass base: 0x0000015100000000, Narrow klass shift: 0, Narrow klass range: 0x100000000

GC Precious Log:
 CardTable entry size: 512
 CPUs: 4 total, 4 available
 Memory: 16146M
 Large Page Support: Disabled
 NUMA Support: Disabled
 Compressed Oops: Enabled (32-bit)
 Alignments: Space 512K, Generation 512K, Heap 2M
 Heap Min Capacity: 100M
 Heap Initial Capacity: 100M
 Heap Max Capacity: 2G
 Pre-touch: Disabled
 Parallel Workers: 4

Heap:
 PSYoungGen      total 22016K, used 11377K [0x00000000d5580000, 0x00000000d6d80000, 0x0000000100000000)
  eden space 20480K, 48% used [0x00000000d5580000,0x00000000d5f31730,0x00000000d6980000)
  from space 1536K, 94% used [0x00000000d6b80000,0x00000000d6ceace8,0x00000000d6d00000)
  to   space 2048K, 0% used [0x00000000d6980000,0x00000000d6980000,0x00000000d6b80000)
 ParOldGen       total 90624K, used 90236K [0x0000000080000000, 0x0000000085880000, 0x00000000d5580000)
  object space 90624K, 99% used [0x0000000080000000,0x000000008581f180,0x0000000085880000)
 Metaspace       used 71010K, committed 72640K, reserved 1114112K
  class space    used 7441K, committed 8128K, reserved 1048576K

Card table byte_map: [0x0000015143880000,0x0000015143c90000] _byte_map_base: 0x0000015143480000

Marking Bits: (ParMarkBitMap*) 0x00007ff9fcc63450
 Begin Bits: [0x0000015156390000, 0x0000015158390000)
 End Bits:   [0x0000015158390000, 0x000001515a390000)

Polling page: 0x0000015141cf0000

Metaspace:

Usage:
  Non-class:     62.08 MB used.
      Class:      7.27 MB used.
       Both:     69.35 MB used.

Virtual space:
  Non-class space:       64.00 MB reserved,      63.00 MB ( 98%) committed,  1 nodes.
      Class space:        1.00 GB reserved,       7.94 MB ( <1%) committed,  1 nodes.
             Both:        1.06 GB reserved,      70.94 MB (  7%) committed. 

Chunk freelists:
   Non-Class:  560.00 KB
       Class:  7.97 MB
        Both:  8.52 MB

MaxMetaspaceSize: unlimited
CompressedClassSpaceSize: 1.00 GB
Initial GC threshold: 21.00 MB
Current GC threshold: 97.31 MB
CDS: on
 - commit_granule_bytes: 65536.
 - commit_granule_words: 8192.
 - virtual_space_node_default_size: 8388608.
 - enlarge_chunks_in_place: 1.
 - use_allocation_guard: 0.


Internal statistics:

num_allocs_failed_limit: 9.
num_arena_births: 1346.
num_arena_deaths: 14.
num_vsnodes_births: 2.
num_vsnodes_deaths: 0.
num_space_committed: 1135.
num_space_uncommitted: 0.
num_chunks_returned_to_freelist: 23.
num_chunks_taken_from_freelist: 4550.
num_chunk_merges: 13.
num_chunk_splits: 2797.
num_chunks_enlarged: 1568.
num_inconsistent_stats: 0.

CodeHeap 'non-profiled nmethods': size=120000Kb used=9904Kb max_used=9904Kb free=110095Kb
 bounds [0x000001514ebb0000, 0x000001514f560000, 0x00000151560e0000]
CodeHeap 'profiled nmethods': size=120000Kb used=30433Kb max_used=30433Kb free=89566Kb
 bounds [0x00000151470e0000, 0x0000015148ea0000, 0x000001514e610000]
CodeHeap 'non-nmethods': size=5760Kb used=1472Kb max_used=1570Kb free=4287Kb
 bounds [0x000001514e610000, 0x000001514e880000, 0x000001514ebb0000]
CodeCache: size=245760Kb, used=41809Kb, max_used=41907Kb, free=203948Kb
 total_blobs=13328, nmethods=12533, adapters=700, full_count=0
Compilation: enabled, stopped_count=0, restarted_count=0

Compilation events (20 events):
Event: 151.831 Thread 0x0000015143e3f6c0 nmethod 13353 0x0000015148e79890 code [0x0000015148e79a80, 0x0000015148e79fd8]
Event: 151.831 Thread 0x0000015143e3f6c0 13354       3       lombok.launch.PatchFixesHider$PatchFixes::isBlockedVisitorAndGenerated (59 bytes)
Event: 151.832 Thread 0x0000015143e3f6c0 nmethod 13354 0x0000015148e7a190 code [0x0000015148e7a3e0, 0x0000015148e7a9e8]
Event: 151.832 Thread 0x0000015143e3f6c0 13355       3       org.eclipse.jdt.core.dom.ASTRecoveryPropagator::visitNode (191 bytes)
Event: 151.834 Thread 0x0000015143e3f6c0 nmethod 13355 0x0000015148e7ac90 code [0x0000015148e7aec0, 0x0000015148e7b6c0]
Event: 151.834 Thread 0x0000015143e3f6c0 13356       3       org.eclipse.jdt.core.dom.ASTNode::acceptChild (11 bytes)
Event: 151.834 Thread 0x0000015143e3f6c0 nmethod 13356 0x0000015148e7bb10 code [0x0000015148e7bcc0, 0x0000015148e7be58]
Event: 151.834 Thread 0x0000015143e3f6c0 13359       3       org.eclipse.jdt.core.dom.ASTRecoveryPropagator::endVisitNode (382 bytes)
Event: 151.836 Thread 0x0000015143e3f6c0 nmethod 13359 0x0000015148e7bf10 code [0x0000015148e7c1e0, 0x0000015148e7d2b8]
Event: 151.837 Thread 0x0000015143e3f6c0 13362       3       org.eclipse.jdt.core.dom.DefaultCommentMapper::getLineNumber (54 bytes)
Event: 151.837 Thread 0x0000015143e3f6c0 nmethod 13362 0x0000015148e7db10 code [0x0000015148e7dcc0, 0x0000015148e7def8]
Event: 151.837 Thread 0x0000015143e3f6c0 13363       3       org.eclipse.jdt.core.dom.DefaultCommentMapper::getCommentIndex (188 bytes)
Event: 151.838 Thread 0x0000015143e3f6c0 nmethod 13363 0x0000015148e7e090 code [0x0000015148e7e2a0, 0x0000015148e7e8c0]
Event: 151.838 Thread 0x0000015143e3f6c0 13357       3       org.eclipse.jdt.core.dom.ASTVisitor::preVisit2 (7 bytes)
Event: 151.838 Thread 0x0000015143e3f6c0 nmethod 13357 0x0000015148e7eb10 code [0x0000015148e7ecc0, 0x0000015148e7eea8]
Event: 151.838 Thread 0x0000015143e3f6c0 13358       3       org.eclipse.jdt.core.dom.ASTVisitor::preVisit (1 bytes)
Event: 151.838 Thread 0x0000015143e3f6c0 nmethod 13358 0x0000015148e7ef90 code [0x0000015148e7f120, 0x0000015148e7f228]
Event: 151.838 Thread 0x0000015143e3f6c0 13361       3       org.eclipse.jdt.core.dom.ASTNode$NodeList$Cursor::hasNext (21 bytes)
Event: 151.839 Thread 0x0000015143e3f6c0 nmethod 13361 0x0000015148e7f290 code [0x0000015148e7f440, 0x0000015148e7f658]
Event: 151.839 Thread 0x0000015143e3f6c0 13366   !   3       org.eclipse.jdt.core.dom.DefaultCommentMapper::storeLeadingComments (552 bytes)

GC Heap History (20 events):
Event: 135.669 GC heap before
{Heap before GC invocations=90 (full 3):
 PSYoungGen      total 22528K, used 22368K [0x00000000d5580000, 0x00000000d6d00000, 0x0000000100000000)
  eden space 22016K, 100% used [0x00000000d5580000,0x00000000d6b00000,0x00000000d6b00000)
  from space 512K, 68% used [0x00000000d6c80000,0x00000000d6cd8000,0x00000000d6d00000)
  to   space 512K, 0% used [0x00000000d6c00000,0x00000000d6c00000,0x00000000d6c80000)
 ParOldGen       total 81920K, used 81618K [0x0000000080000000, 0x0000000085000000, 0x00000000d5580000)
  object space 81920K, 99% used [0x0000000080000000,0x0000000084fb4b58,0x0000000085000000)
 Metaspace       used 65426K, committed 66944K, reserved 1114112K
  class space    used 6978K, committed 7616K, reserved 1048576K
}
Event: 135.676 GC heap after
{Heap after GC invocations=90 (full 3):
 PSYoungGen      total 22528K, used 320K [0x00000000d5580000, 0x00000000d6d00000, 0x0000000100000000)
  eden space 22016K, 0% used [0x00000000d5580000,0x00000000d5580000,0x00000000d6b00000)
  from space 512K, 62% used [0x00000000d6c00000,0x00000000d6c50000,0x00000000d6c80000)
  to   space 512K, 0% used [0x00000000d6c80000,0x00000000d6c80000,0x00000000d6d00000)
 ParOldGen       total 81920K, used 81762K [0x0000000080000000, 0x0000000085000000, 0x00000000d5580000)
  object space 81920K, 99% used [0x0000000080000000,0x0000000084fd8b58,0x0000000085000000)
 Metaspace       used 65426K, committed 66944K, reserved 1114112K
  class space    used 6978K, committed 7616K, reserved 1048576K
}
Event: 135.870 GC heap before
{Heap before GC invocations=91 (full 3):
 PSYoungGen      total 22528K, used 22336K [0x00000000d5580000, 0x00000000d6d00000, 0x0000000100000000)
  eden space 22016K, 100% used [0x00000000d5580000,0x00000000d6b00000,0x00000000d6b00000)
  from space 512K, 62% used [0x00000000d6c00000,0x00000000d6c50000,0x00000000d6c80000)
  to   space 512K, 0% used [0x00000000d6c80000,0x00000000d6c80000,0x00000000d6d00000)
 ParOldGen       total 81920K, used 81762K [0x0000000080000000, 0x0000000085000000, 0x00000000d5580000)
  object space 81920K, 99% used [0x0000000080000000,0x0000000084fd8b58,0x0000000085000000)
 Metaspace       used 65430K, committed 66944K, reserved 1114112K
  class space    used 6979K, committed 7616K, reserved 1048576K
}
Event: 135.878 GC heap after
{Heap after GC invocations=91 (full 3):
 PSYoungGen      total 22528K, used 404K [0x00000000d5580000, 0x00000000d6d00000, 0x0000000100000000)
  eden space 22016K, 0% used [0x00000000d5580000,0x00000000d5580000,0x00000000d6b00000)
  from space 512K, 79% used [0x00000000d6c80000,0x00000000d6ce5200,0x00000000d6d00000)
  to   space 512K, 0% used [0x00000000d6c00000,0x00000000d6c00000,0x00000000d6c80000)
 ParOldGen       total 81920K, used 81874K [0x0000000080000000, 0x0000000085000000, 0x00000000d5580000)
  object space 81920K, 99% used [0x0000000080000000,0x0000000084ff4b58,0x0000000085000000)
 Metaspace       used 65430K, committed 66944K, reserved 1114112K
  class space    used 6979K, committed 7616K, reserved 1048576K
}
Event: 137.659 GC heap before
{Heap before GC invocations=92 (full 3):
 PSYoungGen      total 22528K, used 22411K [0x00000000d5580000, 0x00000000d6d00000, 0x0000000100000000)
  eden space 22016K, 99% used [0x00000000d5580000,0x00000000d6afdc88,0x00000000d6b00000)
  from space 512K, 79% used [0x00000000d6c80000,0x00000000d6ce5200,0x00000000d6d00000)
  to   space 512K, 0% used [0x00000000d6c00000,0x00000000d6c00000,0x00000000d6c80000)
 ParOldGen       total 81920K, used 81874K [0x0000000080000000, 0x0000000085000000, 0x00000000d5580000)
  object space 81920K, 99% used [0x0000000080000000,0x0000000084ff4b58,0x0000000085000000)
 Metaspace       used 66888K, committed 68352K, reserved 1114112K
  class space    used 7126K, committed 7744K, reserved 1048576K
}
Event: 137.668 GC heap after
{Heap after GC invocations=92 (full 3):
 PSYoungGen      total 22528K, used 509K [0x00000000d5580000, 0x00000000d7000000, 0x0000000100000000)
  eden space 22016K, 0% used [0x00000000d5580000,0x00000000d5580000,0x00000000d6b00000)
  from space 512K, 99% used [0x00000000d6c00000,0x00000000d6c7f540,0x00000000d6c80000)
  to   space 2560K, 0% used [0x00000000d6d80000,0x00000000d6d80000,0x00000000d7000000)
 ParOldGen       total 83968K, used 83486K [0x0000000080000000, 0x0000000085200000, 0x00000000d5580000)
  object space 83968K, 99% used [0x0000000080000000,0x0000000085187b18,0x0000000085200000)
 Metaspace       used 66888K, committed 68352K, reserved 1114112K
  class space    used 7126K, committed 7744K, reserved 1048576K
}
Event: 139.827 GC heap before
{Heap before GC invocations=93 (full 3):
 PSYoungGen      total 22528K, used 22525K [0x00000000d5580000, 0x00000000d7000000, 0x0000000100000000)
  eden space 22016K, 100% used [0x00000000d5580000,0x00000000d6b00000,0x00000000d6b00000)
  from space 512K, 99% used [0x00000000d6c00000,0x00000000d6c7f540,0x00000000d6c80000)
  to   space 2560K, 0% used [0x00000000d6d80000,0x00000000d6d80000,0x00000000d7000000)
 ParOldGen       total 83968K, used 83486K [0x0000000080000000, 0x0000000085200000, 0x00000000d5580000)
  object space 83968K, 99% used [0x0000000080000000,0x0000000085187b18,0x0000000085200000)
 Metaspace       used 67675K, committed 69248K, reserved 1114112K
  class space    used 7201K, committed 7872K, reserved 1048576K
}
Event: 139.839 GC heap after
{Heap after GC invocations=93 (full 3):
 PSYoungGen      total 24576K, used 2377K [0x00000000d5580000, 0x00000000d7000000, 0x0000000100000000)
  eden space 22016K, 0% used [0x00000000d5580000,0x00000000d5580000,0x00000000d6b00000)
  from space 2560K, 92% used [0x00000000d6d80000,0x00000000d6fd2618,0x00000000d7000000)
  to   space 2560K, 0% used [0x00000000d6b00000,0x00000000d6b00000,0x00000000d6d80000)
 ParOldGen       total 84480K, used 83984K [0x0000000080000000, 0x0000000085280000, 0x00000000d5580000)
  object space 84480K, 99% used [0x0000000080000000,0x0000000085204208,0x0000000085280000)
 Metaspace       used 67675K, committed 69248K, reserved 1114112K
  class space    used 7201K, committed 7872K, reserved 1048576K
}
Event: 142.447 GC heap before
{Heap before GC invocations=94 (full 3):
 PSYoungGen      total 24576K, used 24393K [0x00000000d5580000, 0x00000000d7000000, 0x0000000100000000)
  eden space 22016K, 100% used [0x00000000d5580000,0x00000000d6b00000,0x00000000d6b00000)
  from space 2560K, 92% used [0x00000000d6d80000,0x00000000d6fd2618,0x00000000d7000000)
  to   space 2560K, 0% used [0x00000000d6b00000,0x00000000d6b00000,0x00000000d6d80000)
 ParOldGen       total 84480K, used 83984K [0x0000000080000000, 0x0000000085280000, 0x00000000d5580000)
  object space 84480K, 99% used [0x0000000080000000,0x0000000085204208,0x0000000085280000)
 Metaspace       used 68483K, committed 70016K, reserved 1114112K
  class space    used 7266K, committed 7936K, reserved 1048576K
}
Event: 142.452 GC heap after
{Heap after GC invocations=94 (full 3):
 PSYoungGen      total 23040K, used 960K [0x00000000d5580000, 0x00000000d6e00000, 0x0000000100000000)
  eden space 22016K, 0% used [0x00000000d5580000,0x00000000d5580000,0x00000000d6b00000)
  from space 1024K, 93% used [0x00000000d6b00000,0x00000000d6bf0000,0x00000000d6c00000)
  to   space 1536K, 0% used [0x00000000d6c80000,0x00000000d6c80000,0x00000000d6e00000)
 ParOldGen       total 85504K, used 85473K [0x0000000080000000, 0x0000000085380000, 0x00000000d5580000)
  object space 85504K, 99% used [0x0000000080000000,0x00000000853784c0,0x0000000085380000)
 Metaspace       used 68483K, committed 70016K, reserved 1114112K
  class space    used 7266K, committed 7936K, reserved 1048576K
}
Event: 145.366 GC heap before
{Heap before GC invocations=95 (full 3):
 PSYoungGen      total 23040K, used 22976K [0x00000000d5580000, 0x00000000d6e00000, 0x0000000100000000)
  eden space 22016K, 100% used [0x00000000d5580000,0x00000000d6b00000,0x00000000d6b00000)
  from space 1024K, 93% used [0x00000000d6b00000,0x00000000d6bf0000,0x00000000d6c00000)
  to   space 1536K, 0% used [0x00000000d6c80000,0x00000000d6c80000,0x00000000d6e00000)
 ParOldGen       total 85504K, used 85473K [0x0000000080000000, 0x0000000085380000, 0x00000000d5580000)
  object space 85504K, 99% used [0x0000000080000000,0x00000000853784c0,0x0000000085380000)
 Metaspace       used 68771K, committed 70272K, reserved 1114112K
  class space    used 7281K, committed 7936K, reserved 1048576K
}
Event: 145.372 GC heap after
{Heap after GC invocations=95 (full 3):
 PSYoungGen      total 23552K, used 1133K [0x00000000d5580000, 0x00000000d6e00000, 0x0000000100000000)
  eden space 22016K, 0% used [0x00000000d5580000,0x00000000d5580000,0x00000000d6b00000)
  from space 1536K, 73% used [0x00000000d6c80000,0x00000000d6d9b430,0x00000000d6e00000)
  to   space 1536K, 0% used [0x00000000d6b00000,0x00000000d6b00000,0x00000000d6c80000)
 ParOldGen       total 86528K, used 86290K [0x0000000080000000, 0x0000000085480000, 0x00000000d5580000)
  object space 86528K, 99% used [0x0000000080000000,0x0000000085444870,0x0000000085480000)
 Metaspace       used 68771K, committed 70272K, reserved 1114112K
  class space    used 7281K, committed 7936K, reserved 1048576K
}
Event: 146.766 GC heap before
{Heap before GC invocations=96 (full 3):
 PSYoungGen      total 23552K, used 23149K [0x00000000d5580000, 0x00000000d6e00000, 0x0000000100000000)
  eden space 22016K, 100% used [0x00000000d5580000,0x00000000d6b00000,0x00000000d6b00000)
  from space 1536K, 73% used [0x00000000d6c80000,0x00000000d6d9b430,0x00000000d6e00000)
  to   space 1536K, 0% used [0x00000000d6b00000,0x00000000d6b00000,0x00000000d6c80000)
 ParOldGen       total 86528K, used 86290K [0x0000000080000000, 0x0000000085480000, 0x00000000d5580000)
  object space 86528K, 99% used [0x0000000080000000,0x0000000085444870,0x0000000085480000)
 Metaspace       used 68926K, committed 70464K, reserved 1114112K
  class space    used 7284K, committed 7936K, reserved 1048576K
}
Event: 146.774 GC heap after
{Heap after GC invocations=96 (full 3):
 PSYoungGen      total 23552K, used 1378K [0x00000000d5580000, 0x00000000d6e00000, 0x0000000100000000)
  eden space 22016K, 0% used [0x00000000d5580000,0x00000000d5580000,0x00000000d6b00000)
  from space 1536K, 89% used [0x00000000d6b00000,0x00000000d6c58978,0x00000000d6c80000)
  to   space 1536K, 0% used [0x00000000d6c80000,0x00000000d6c80000,0x00000000d6e00000)
 ParOldGen       total 87552K, used 87102K [0x0000000080000000, 0x0000000085580000, 0x00000000d5580000)
  object space 87552K, 99% used [0x0000000080000000,0x000000008550fac0,0x0000000085580000)
 Metaspace       used 68926K, committed 70464K, reserved 1114112K
  class space    used 7284K, committed 7936K, reserved 1048576K
}
Event: 148.502 GC heap before
{Heap before GC invocations=97 (full 3):
 PSYoungGen      total 23552K, used 23394K [0x00000000d5580000, 0x00000000d6e00000, 0x0000000100000000)
  eden space 22016K, 100% used [0x00000000d5580000,0x00000000d6b00000,0x00000000d6b00000)
  from space 1536K, 89% used [0x00000000d6b00000,0x00000000d6c58978,0x00000000d6c80000)
  to   space 1536K, 0% used [0x00000000d6c80000,0x00000000d6c80000,0x00000000d6e00000)
 ParOldGen       total 87552K, used 87102K [0x0000000080000000, 0x0000000085580000, 0x00000000d5580000)
  object space 87552K, 99% used [0x0000000080000000,0x000000008550fac0,0x0000000085580000)
 Metaspace       used 69175K, committed 70784K, reserved 1114112K
  class space    used 7298K, committed 8000K, reserved 1048576K
}
Event: 148.509 GC heap after
{Heap after GC invocations=97 (full 3):
 PSYoungGen      total 22016K, used 1507K [0x00000000d5580000, 0x00000000d7100000, 0x0000000100000000)
  eden space 20480K, 0% used [0x00000000d5580000,0x00000000d5580000,0x00000000d6980000)
  from space 1536K, 98% used [0x00000000d6c80000,0x00000000d6df8eb0,0x00000000d6e00000)
  to   space 3072K, 0% used [0x00000000d6980000,0x00000000d6980000,0x00000000d6c80000)
 ParOldGen       total 88576K, used 88275K [0x0000000080000000, 0x0000000085680000, 0x00000000d5580000)
  object space 88576K, 99% used [0x0000000080000000,0x0000000085634ff0,0x0000000085680000)
 Metaspace       used 69175K, committed 70784K, reserved 1114112K
  class space    used 7298K, committed 8000K, reserved 1048576K
}
Event: 150.365 GC heap before
{Heap before GC invocations=98 (full 3):
 PSYoungGen      total 22016K, used 21987K [0x00000000d5580000, 0x00000000d7100000, 0x0000000100000000)
  eden space 20480K, 100% used [0x00000000d5580000,0x00000000d6980000,0x00000000d6980000)
  from space 1536K, 98% used [0x00000000d6c80000,0x00000000d6df8eb0,0x00000000d6e00000)
  to   space 3072K, 0% used [0x00000000d6980000,0x00000000d6980000,0x00000000d6c80000)
 ParOldGen       total 88576K, used 88275K [0x0000000080000000, 0x0000000085680000, 0x00000000d5580000)
  object space 88576K, 99% used [0x0000000080000000,0x0000000085634ff0,0x0000000085680000)
 Metaspace       used 69677K, committed 71232K, reserved 1114112K
  class space    used 7336K, committed 8000K, reserved 1048576K
}
Event: 150.373 GC heap after
{Heap after GC invocations=98 (full 3):
 PSYoungGen      total 21504K, used 868K [0x00000000d5580000, 0x00000000d6d00000, 0x0000000100000000)
  eden space 20480K, 0% used [0x00000000d5580000,0x00000000d5580000,0x00000000d6980000)
  from space 1024K, 84% used [0x00000000d6980000,0x00000000d6a59148,0x00000000d6a80000)
  to   space 1536K, 0% used [0x00000000d6b80000,0x00000000d6b80000,0x00000000d6d00000)
 ParOldGen       total 90112K, used 89743K [0x0000000080000000, 0x0000000085800000, 0x00000000d5580000)
  object space 90112K, 99% used [0x0000000080000000,0x00000000857a3fa0,0x0000000085800000)
 Metaspace       used 69677K, committed 71232K, reserved 1114112K
  class space    used 7336K, committed 8000K, reserved 1048576K
}
Event: 151.312 GC heap before
{Heap before GC invocations=99 (full 3):
 PSYoungGen      total 21504K, used 21348K [0x00000000d5580000, 0x00000000d6d00000, 0x0000000100000000)
  eden space 20480K, 100% used [0x00000000d5580000,0x00000000d6980000,0x00000000d6980000)
  from space 1024K, 84% used [0x00000000d6980000,0x00000000d6a59148,0x00000000d6a80000)
  to   space 1536K, 0% used [0x00000000d6b80000,0x00000000d6b80000,0x00000000d6d00000)
 ParOldGen       total 90112K, used 89743K [0x0000000080000000, 0x0000000085800000, 0x00000000d5580000)
  object space 90112K, 99% used [0x0000000080000000,0x00000000857a3fa0,0x0000000085800000)
 Metaspace       used 69959K, committed 71488K, reserved 1114112K
  class space    used 7344K, committed 8000K, reserved 1048576K
}
Event: 151.322 GC heap after
{Heap after GC invocations=99 (full 3):
 PSYoungGen      total 22016K, used 1451K [0x00000000d5580000, 0x00000000d6d80000, 0x0000000100000000)
  eden space 20480K, 0% used [0x00000000d5580000,0x00000000d5580000,0x00000000d6980000)
  from space 1536K, 94% used [0x00000000d6b80000,0x00000000d6ceace8,0x00000000d6d00000)
  to   space 2048K, 0% used [0x00000000d6980000,0x00000000d6980000,0x00000000d6b80000)
 ParOldGen       total 90624K, used 90236K [0x0000000080000000, 0x0000000085880000, 0x00000000d5580000)
  object space 90624K, 99% used [0x0000000080000000,0x000000008581f180,0x0000000085880000)
 Metaspace       used 69959K, committed 71488K, reserved 1114112K
  class space    used 7344K, committed 8000K, reserved 1048576K
}

Dll operation events (12 events):
Event: 0.230 Loaded shared library c:\Users\rihab\.vscode\extensions\redhat.java-1.54.0-win32-x64\jre\21.0.10-win32-x86_64\bin\java.dll
Event: 0.442 Loaded shared library c:\Users\rihab\.vscode\extensions\redhat.java-1.54.0-win32-x64\jre\21.0.10-win32-x86_64\bin\zip.dll
Event: 0.504 Loaded shared library C:\Users\rihab\.vscode\extensions\redhat.java-1.54.0-win32-x64\jre\21.0.10-win32-x86_64\bin\instrument.dll
Event: 0.702 Loaded shared library C:\Users\rihab\.vscode\extensions\redhat.java-1.54.0-win32-x64\jre\21.0.10-win32-x86_64\bin\net.dll
Event: 0.892 Loaded shared library C:\Users\rihab\.vscode\extensions\redhat.java-1.54.0-win32-x64\jre\21.0.10-win32-x86_64\bin\nio.dll
Event: 0.901 Loaded shared library C:\Users\rihab\.vscode\extensions\redhat.java-1.54.0-win32-x64\jre\21.0.10-win32-x86_64\bin\zip.dll
Event: 0.959 Loaded shared library C:\Users\rihab\.vscode\extensions\redhat.java-1.54.0-win32-x64\jre\21.0.10-win32-x86_64\bin\jimage.dll
Event: 1.295 Loaded shared library c:\Users\rihab\.vscode\extensions\redhat.java-1.54.0-win32-x64\jre\21.0.10-win32-x86_64\bin\verify.dll
Event: 33.644 Loaded shared library C:\Users\rihab\AppData\Roaming\Code\User\globalStorage\redhat.java\1.54.0\config_win\org.eclipse.equinox.launcher\org.eclipse.equinox.launcher.win32.win32.x86_64_1.3.0.v20260203-2149\eclipse_11919.dll
Event: 66.629 Loaded shared library C:\Users\rihab\AppData\Local\Temp\jna-108512498\jna4413989526199077242.dll
Event: 75.018 Loaded shared library C:\Users\rihab\.vscode\extensions\redhat.java-1.54.0-win32-x64\jre\21.0.10-win32-x86_64\bin\sunmscapi.dll
Event: 76.167 Loaded shared library C:\Users\rihab\.vscode\extensions\redhat.java-1.54.0-win32-x64\jre\21.0.10-win32-x86_64\bin\extnet.dll

Deoptimization events (20 events):
Event: 151.326 Thread 0x0000015162669990 DEOPT PACKING pc=0x000001514f4ad464 sp=0x0000000b4b8fdf70
Event: 151.327 Thread 0x0000015162669990 DEOPT UNPACKING pc=0x000001514e663a9c sp=0x0000000b4b8fde58 mode 2
Event: 151.492 Thread 0x0000015162669990 DEOPT PACKING pc=0x0000015148e010a2 sp=0x0000000b4b8fce60
Event: 151.492 Thread 0x0000015162669990 DEOPT UNPACKING pc=0x000001514e664223 sp=0x0000000b4b8fc3d8 mode 0
Event: 151.703 Thread 0x00000151626685e0 Uncommon trap: trap_request=0xffffff45 fr.pc=0x000001514f4c3f80 relative=0x0000000000000b80
Event: 151.703 Thread 0x00000151626685e0 Uncommon trap: reason=unstable_if action=reinterpret pc=0x000001514f4c3f80 method=org.eclipse.core.internal.resources.ProjectPreferences.silentLoad()V @ 25 c2
Event: 151.703 Thread 0x00000151626685e0 DEOPT PACKING pc=0x000001514f4c3f80 sp=0x0000000b4aefe790
Event: 151.703 Thread 0x00000151626685e0 DEOPT UNPACKING pc=0x000001514e663a9c sp=0x0000000b4aefe788 mode 2
Event: 151.750 Thread 0x0000015162669990 Uncommon trap: trap_request=0xffffff45 fr.pc=0x000001514f499378 relative=0x00000000000000d8
Event: 151.750 Thread 0x0000015162669990 Uncommon trap: reason=unstable_if action=reinterpret pc=0x000001514f499378 method=org.eclipse.jdt.internal.compiler.parser.Scanner.getNextChar(C)Z @ 8 c2
Event: 151.750 Thread 0x0000015162669990 DEOPT PACKING pc=0x000001514f499378 sp=0x0000000b4b8fd910
Event: 151.750 Thread 0x0000015162669990 DEOPT UNPACKING pc=0x000001514e663a9c sp=0x0000000b4b8fd898 mode 2
Event: 151.804 Thread 0x0000015162669990 Uncommon trap: trap_request=0xffffffc6 fr.pc=0x000001514f2306c8 relative=0x0000000000000e48
Event: 151.804 Thread 0x0000015162669990 Uncommon trap: reason=bimorphic_or_optimized_type_check action=maybe_recompile pc=0x000001514f2306c8 method=java.util.concurrent.ConcurrentHashMap.putVal(Ljava/lang/Object;Ljava/lang/Object;Z)Ljava/lang/Object; @ 159 c2
Event: 151.804 Thread 0x0000015162669990 DEOPT PACKING pc=0x000001514f2306c8 sp=0x0000000b4b8fdd50
Event: 151.804 Thread 0x0000015162669990 DEOPT UNPACKING pc=0x000001514e663a9c sp=0x0000000b4b8fdcd0 mode 2
Event: 151.804 Thread 0x0000015162669990 Uncommon trap: trap_request=0xffffffc6 fr.pc=0x000001514f2306c8 relative=0x0000000000000e48
Event: 151.804 Thread 0x0000015162669990 Uncommon trap: reason=bimorphic_or_optimized_type_check action=maybe_recompile pc=0x000001514f2306c8 method=java.util.concurrent.ConcurrentHashMap.putVal(Ljava/lang/Object;Ljava/lang/Object;Z)Ljava/lang/Object; @ 159 c2
Event: 151.804 Thread 0x0000015162669990 DEOPT PACKING pc=0x000001514f2306c8 sp=0x0000000b4b8fdd50
Event: 151.805 Thread 0x0000015162669990 DEOPT UNPACKING pc=0x000001514e663a9c sp=0x0000000b4b8fdcd0 mode 2

Classes loaded (20 events):
Event: 101.555 Loading class java/util/concurrent/CompletableFuture$UniExceptionally
Event: 101.555 Loading class java/util/concurrent/CompletableFuture$UniExceptionally done
Event: 101.681 Loading class javax/xml/transform/TransformerConfigurationException
Event: 101.681 Loading class javax/xml/transform/TransformerConfigurationException done
Event: 101.938 Loading class java/util/Hashtable$KeySet
Event: 101.938 Loading class java/util/Hashtable$KeySet done
Event: 102.290 Loading class java/lang/UnsupportedClassVersionError
Event: 102.291 Loading class java/lang/UnsupportedClassVersionError done
Event: 122.164 Loading class sun/nio/cs/ISO_8859_1$Decoder
Event: 122.164 Loading class sun/nio/cs/ISO_8859_1$Decoder done
Event: 129.332 Loading class java/lang/invoke/MethodHandleImpl$CountingWrapper$1
Event: 129.336 Loading class java/lang/invoke/MethodHandleImpl$CountingWrapper$1 done
Event: 136.752 Loading class java/util/stream/ReduceOps$4
Event: 136.752 Loading class java/util/stream/ReduceOps$4 done
Event: 136.752 Loading class java/util/stream/ReduceOps$4ReducingSink
Event: 136.752 Loading class java/util/stream/ReduceOps$4ReducingSink done
Event: 143.347 Loading class java/lang/StringLatin1$LinesSpliterator
Event: 143.347 Loading class java/lang/StringLatin1$LinesSpliterator done
Event: 145.394 Loading class java/util/regex/Pattern$End
Event: 145.395 Loading class java/util/regex/Pattern$End done

Classes unloaded (7 events):
Event: 68.112 Thread 0x0000015143dcf880 Unloading class 0x00000151011b4800 'java/lang/invoke/LambdaForm$MH+0x00000151011b4800'
Event: 68.112 Thread 0x0000015143dcf880 Unloading class 0x00000151011b4400 'java/lang/invoke/LambdaForm$MH+0x00000151011b4400'
Event: 68.112 Thread 0x0000015143dcf880 Unloading class 0x00000151011b4000 'java/lang/invoke/LambdaForm$MH+0x00000151011b4000'
Event: 68.112 Thread 0x0000015143dcf880 Unloading class 0x00000151011b3c00 'java/lang/invoke/LambdaForm$MH+0x00000151011b3c00'
Event: 68.112 Thread 0x0000015143dcf880 Unloading class 0x00000151011b3800 'java/lang/invoke/LambdaForm$BMH+0x00000151011b3800'
Event: 68.112 Thread 0x0000015143dcf880 Unloading class 0x00000151011b3400 'java/lang/invoke/LambdaForm$DMH+0x00000151011b3400'
Event: 68.112 Thread 0x0000015143dcf880 Unloading class 0x00000151011b2000 'java/lang/invoke/LambdaForm$DMH+0x00000151011b2000'

Classes redefined (0 events):
No events

Internal exceptions (20 events):
Event: 136.917 Thread 0x00000151626685e0 Exception <a 'java/lang/LinkageError'{0x00000000d6110f00}: loader lombok.launch.ShadowClassLoader @54548553 attempted duplicate class definition for lombok.launch.PatchFixesHider$Delegate. (lombok.launch.PatchFixesHider$Delegate is in unnamed module of loader lombok.launch.ShadowClassLoader @54548553, parent loader org.eclipse.osgi.internal.loader.EquinoxClassLoader @214ca837)> (0x00000000d6110f00) 
thrown [s\src\hotspot\share\classfile\systemDictionary.cpp, line 1672]
Event: 137.941 Thread 0x0000015160f359c0 Exception <a 'java/lang/NoSuchMethodError'{0x00000000d585fab0}: 'void java.lang.invoke.DelegatingMethodHandle$Holder.reinvoke_L(java.lang.Object, java.lang.Object, java.lang.Object, int, java.lang.Object, int, int)'> (0x00000000d585fab0) 
thrown [s\src\hotspot\share\interpreter\linkResolver.cpp, line 773]
Event: 138.111 Thread 0x0000015162669990 Implicit null exception at 0x000001514ec10e02 to 0x000001514ec11a20
Event: 138.343 Thread 0x0000015160f359c0 Exception <a 'java/lang/NoSuchMethodError'{0x00000000d5d3a0b0}: 'java.lang.Object java.lang.invoke.DirectMethodHandle$Holder.invokeStatic(java.lang.Object, java.lang.Object, int, int)'> (0x00000000d5d3a0b0) 
thrown [s\src\hotspot\share\interpreter\linkResolver.cpp, line 773]
Event: 138.343 Thread 0x0000015160f359c0 Exception <a 'java/lang/NoSuchMethodError'{0x00000000d5d3dd30}: 'java.lang.Object java.lang.invoke.DirectMethodHandle$Holder.invokeSpecial(java.lang.Object, java.lang.Object, java.lang.Object, int, int)'> (0x00000000d5d3dd30) 
thrown [s\src\hotspot\share\interpreter\linkResolver.cpp, line 773]
Event: 142.015 Thread 0x000001516266db30 Exception <a 'sun/nio/fs/WindowsException'{0x00000000d65aa6b0}> (0x00000000d65aa6b0) 
thrown [s\src\hotspot\share\prims\jni.cpp, line 520]
Event: 142.015 Thread 0x000001516266db30 Exception <a 'sun/nio/fs/WindowsException'{0x00000000d65aaf78}> (0x00000000d65aaf78) 
thrown [s\src\hotspot\share\prims\jni.cpp, line 520]
Event: 142.016 Thread 0x000001516266db30 Exception <a 'sun/nio/fs/WindowsException'{0x00000000d65abc90}> (0x00000000d65abc90) 
thrown [s\src\hotspot\share\prims\jni.cpp, line 520]
Event: 142.017 Thread 0x000001516266db30 Exception <a 'sun/nio/fs/WindowsException'{0x00000000d65ac558}> (0x00000000d65ac558) 
thrown [s\src\hotspot\share\prims\jni.cpp, line 520]
Event: 142.094 Thread 0x000001516266db30 Exception <a 'sun/nio/fs/WindowsException'{0x00000000d65adca0}> (0x00000000d65adca0) 
thrown [s\src\hotspot\share\prims\jni.cpp, line 520]
Event: 142.094 Thread 0x000001516266db30 Exception <a 'sun/nio/fs/WindowsException'{0x00000000d65ae568}> (0x00000000d65ae568) 
thrown [s\src\hotspot\share\prims\jni.cpp, line 520]
Event: 142.157 Thread 0x000001516266db30 Exception <a 'sun/nio/fs/WindowsException'{0x00000000d6627188}> (0x00000000d6627188) 
thrown [s\src\hotspot\share\prims\jni.cpp, line 520]
Event: 142.157 Thread 0x000001516266db30 Exception <a 'sun/nio/fs/WindowsException'{0x00000000d6627a50}> (0x00000000d6627a50) 
thrown [s\src\hotspot\share\prims\jni.cpp, line 520]
Event: 143.348 Thread 0x0000015162669990 Exception <a 'java/lang/NoSuchMethodError'{0x00000000d5f8e8c8}: 'java.lang.Object java.lang.invoke.DirectMethodHandle$Holder.invokeStatic(java.lang.Object, int, java.lang.Object)'> (0x00000000d5f8e8c8) 
thrown [s\src\hotspot\share\interpreter\linkResolver.cpp, line 773]
Event: 144.655 Thread 0x0000015162669990 Implicit null exception at 0x000001514f19275a to 0x000001514f1927b3
Event: 149.409 Thread 0x0000015162669990 Exception <a 'java/lang/NoSuchMethodError'{0x00000000d5966200}: 'java.lang.Object java.lang.invoke.DirectMethodHandle$Holder.invokeStatic(java.lang.Object, java.lang.Object, int, java.lang.Object, java.lang.Object)'> (0x00000000d5966200) 
thrown [s\src\hotspot\share\interpreter\linkResolver.cpp, line 773]
Event: 150.749 Thread 0x0000015162669990 Implicit null exception at 0x000001514f32a749 to 0x000001514f32a884
Event: 151.705 Thread 0x00000151626685e0 Exception <a 'java/io/FileNotFoundException'{0x00000000d59fe940}> (0x00000000d59fe940) 
thrown [s\src\hotspot\share\prims\jni.cpp, line 520]
Event: 151.705 Thread 0x00000151626685e0 Exception <a 'java/io/FileNotFoundException'{0x00000000d59ffa28}> (0x00000000d59ffa28) 
thrown [s\src\hotspot\share\prims\jni.cpp, line 520]
Event: 151.706 Thread 0x00000151626685e0 Exception <a 'java/io/FileNotFoundException'{0x00000000d5a00790}> (0x00000000d5a00790) 
thrown [s\src\hotspot\share\prims\jni.cpp, line 520]

ZGC Phase Switch (0 events):
No events

VM Operations (20 events):
Event: 143.456 Executing safepoint VM operation: Cleanup
Event: 143.547 Executing safepoint VM operation: Cleanup done
Event: 144.606 Executing safepoint VM operation: Cleanup
Event: 144.648 Executing safepoint VM operation: Cleanup done
Event: 145.319 Executing safepoint VM operation: ParallelGCFailedAllocation (Allocation Failure)
Event: 145.372 Executing safepoint VM operation: ParallelGCFailedAllocation (Allocation Failure) done
Event: 145.844 Executing non-safepoint VM operation: HandshakeAllThreads (Deoptimize)
Event: 145.845 Executing non-safepoint VM operation: HandshakeAllThreads (Deoptimize) done
Event: 146.760 Executing safepoint VM operation: ParallelGCFailedAllocation (Allocation Failure)
Event: 146.774 Executing safepoint VM operation: ParallelGCFailedAllocation (Allocation Failure) done
Event: 147.788 Executing safepoint VM operation: Cleanup
Event: 147.864 Executing safepoint VM operation: Cleanup done
Event: 148.502 Executing safepoint VM operation: ParallelGCFailedAllocation (Allocation Failure)
Event: 148.509 Executing safepoint VM operation: ParallelGCFailedAllocation (Allocation Failure) done
Event: 149.395 Executing non-safepoint VM operation: HandshakeAllThreads (Deoptimize)
Event: 149.395 Executing non-safepoint VM operation: HandshakeAllThreads (Deoptimize) done
Event: 150.334 Executing safepoint VM operation: ParallelGCFailedAllocation (Allocation Failure)
Event: 150.373 Executing safepoint VM operation: ParallelGCFailedAllocation (Allocation Failure) done
Event: 151.312 Executing safepoint VM operation: ParallelGCFailedAllocation (Allocation Failure)
Event: 151.322 Executing safepoint VM operation: ParallelGCFailedAllocation (Allocation Failure) done

Memory protections (0 events):
No events

Nmethod flushes (20 events):
Event: 99.740 Thread 0x0000015143dcf880 flushing  nmethod 0x0000015147b11910
Event: 99.740 Thread 0x0000015143dcf880 flushing  nmethod 0x0000015147b11d10
Event: 99.740 Thread 0x0000015143dcf880 flushing  nmethod 0x0000015147b12190
Event: 99.740 Thread 0x0000015143dcf880 flushing  nmethod 0x0000015147b12790
Event: 99.740 Thread 0x0000015143dcf880 flushing  nmethod 0x0000015147b12b90
Event: 99.740 Thread 0x0000015143dcf880 flushing  nmethod 0x0000015147b14110
Event: 99.740 Thread 0x0000015143dcf880 flushing  nmethod 0x0000015147b1df90
Event: 99.740 Thread 0x0000015143dcf880 flushing  nmethod 0x0000015147b51910
Event: 99.740 Thread 0x0000015143dcf880 flushing  nmethod 0x0000015147b51d90
Event: 99.740 Thread 0x0000015143dcf880 flushing  nmethod 0x0000015147b52310
Event: 99.740 Thread 0x0000015143dcf880 flushing  nmethod 0x0000015147b53d10
Event: 99.740 Thread 0x0000015143dcf880 flushing  nmethod 0x0000015147b54210
Event: 99.740 Thread 0x0000015143dcf880 flushing  nmethod 0x0000015147b54590
Event: 99.740 Thread 0x0000015143dcf880 flushing  nmethod 0x0000015147b54b90
Event: 99.740 Thread 0x0000015143dcf880 flushing  nmethod 0x0000015147b55410
Event: 99.740 Thread 0x0000015143dcf880 flushing  nmethod 0x0000015147b55910
Event: 99.740 Thread 0x0000015143dcf880 flushing  nmethod 0x0000015147b56690
Event: 99.740 Thread 0x0000015143dcf880 flushing  nmethod 0x0000015147b7b690
Event: 99.740 Thread 0x0000015143dcf880 flushing  nmethod 0x0000015147b90390
Event: 99.740 Thread 0x0000015143dcf880 flushing  nmethod 0x0000015147b91810

Events (20 events):
Event: 117.354 Thread 0x0000015160f359c0 Thread added: 0x000001516343f860
Event: 117.354 Thread 0x0000015160f359c0 Thread added: 0x000001516343eb40
Event: 117.355 Thread 0x0000015160f359c0 Thread added: 0x0000015163440c10
Event: 117.451 Thread 0x00000151620b4730 Thread exited: 0x00000151620b4730
Event: 122.446 Thread 0x0000015143e3f6c0 Thread added: 0x00000151620b54d0
Event: 122.853 Thread 0x00000151620b54d0 Thread exited: 0x00000151620b54d0
Event: 127.166 Thread 0x000001516343f860 Thread exited: 0x000001516343f860
Event: 127.166 Thread 0x0000015163441930 Thread exited: 0x0000015163441930
Event: 127.166 Thread 0x000001516343eb40 Thread exited: 0x000001516343eb40
Event: 127.166 Thread 0x00000151634412a0 Thread exited: 0x00000151634412a0
Event: 127.166 Thread 0x0000015163440c10 Thread exited: 0x0000015163440c10
Event: 127.199 Thread 0x0000015143e3f6c0 Thread added: 0x00000151620b6270
Event: 127.528 Thread 0x00000151620b6270 Thread exited: 0x00000151620b6270
Event: 127.864 Thread 0x0000015143e3f6c0 Thread added: 0x00000151620b6270
Event: 131.120 Thread 0x00000151620b6270 Thread exited: 0x00000151620b6270
Event: 135.895 Thread 0x0000015143dd62e0 Thread added: 0x00000151620b4730
Event: 136.983 Thread 0x00000151620b4730 Thread exited: 0x00000151620b4730
Event: 137.227 Thread 0x0000015143dd62e0 Thread added: 0x00000151620b6270
Event: 145.738 Thread 0x00000151620b6270 Thread exited: 0x00000151620b6270
Event: 145.976 Thread 0x0000015143e3f6c0 Thread added: 0x00000151620b76e0


Dynamic libraries:
0x00007ff7f8840000 - 0x00007ff7f884e000 	c:\Users\rihab\.vscode\extensions\redhat.java-1.54.0-win32-x64\jre\21.0.10-win32-x86_64\bin\java.exe
0x00007ffaa4db0000 - 0x00007ffaa4fc8000 	C:\windows\SYSTEM32\ntdll.dll
0x00007ffaa3a00000 - 0x00007ffaa3ac4000 	C:\windows\System32\KERNEL32.DLL
0x00007ffaa2220000 - 0x00007ffaa25f3000 	C:\windows\System32\KERNELBASE.dll
0x00007ffaa2930000 - 0x00007ffaa2a41000 	C:\windows\System32\ucrtbase.dll
0x00007ffa465b0000 - 0x00007ffa465c8000 	c:\Users\rihab\.vscode\extensions\redhat.java-1.54.0-win32-x64\jre\21.0.10-win32-x86_64\bin\jli.dll
0x00007ffaa4bb0000 - 0x00007ffaa4d62000 	C:\windows\System32\USER32.dll
0x00007ffaa2840000 - 0x00007ffaa2866000 	C:\windows\System32\win32u.dll
0x00007ffaa2a50000 - 0x00007ffaa2a79000 	C:\windows\System32\GDI32.dll
0x00007ffaa2680000 - 0x00007ffaa279b000 	C:\windows\System32\gdi32full.dll
0x00007ffaa27a0000 - 0x00007ffaa283a000 	C:\windows\System32\msvcp_win.dll
0x00007ffa37ef0000 - 0x00007ffa37f0e000 	c:\Users\rihab\.vscode\extensions\redhat.java-1.54.0-win32-x64\jre\21.0.10-win32-x86_64\bin\VCRUNTIME140.dll
0x00007ffa87b50000 - 0x00007ffa87dec000 	C:\windows\WinSxS\amd64_microsoft.windows.common-controls_6595b64144ccf1df_6.0.22621.6060_none_2712eda17382d24b\COMCTL32.dll
0x00007ffaa3d20000 - 0x00007ffaa3dc7000 	C:\windows\System32\msvcrt.dll
0x00007ffaa48d0000 - 0x00007ffaa4901000 	C:\windows\System32\IMM32.DLL
0x00007ffa85be0000 - 0x00007ffa85bec000 	c:\Users\rihab\.vscode\extensions\redhat.java-1.54.0-win32-x64\jre\21.0.10-win32-x86_64\bin\vcruntime140_1.dll
0x00007ffa05240000 - 0x00007ffa052cd000 	c:\Users\rihab\.vscode\extensions\redhat.java-1.54.0-win32-x64\jre\21.0.10-win32-x86_64\bin\msvcp140.dll
0x00007ff9fbfa0000 - 0x00007ff9fcd41000 	c:\Users\rihab\.vscode\extensions\redhat.java-1.54.0-win32-x64\jre\21.0.10-win32-x86_64\bin\server\jvm.dll
0x00007ffaa4790000 - 0x00007ffaa4841000 	C:\windows\System32\ADVAPI32.dll
0x00007ffaa2df0000 - 0x00007ffaa2e98000 	C:\windows\System32\sechost.dll
0x00007ffaa1ec0000 - 0x00007ffaa1ee8000 	C:\windows\System32\bcrypt.dll
0x00007ffaa2ea0000 - 0x00007ffaa2fb8000 	C:\windows\System32\RPCRT4.dll
0x00007ffaa4850000 - 0x00007ffaa48c1000 	C:\windows\System32\WS2_32.dll
0x00007ffaa1d90000 - 0x00007ffaa1ddd000 	C:\windows\SYSTEM32\POWRPROF.dll
0x00007ffa9b9a0000 - 0x00007ffa9b9aa000 	C:\windows\SYSTEM32\VERSION.dll
0x00007ffa9d9c0000 - 0x00007ffa9d9f4000 	C:\windows\SYSTEM32\WINMM.dll
0x00007ffaa1d70000 - 0x00007ffaa1d83000 	C:\windows\SYSTEM32\UMPDC.dll
0x00007ffaa0ea0000 - 0x00007ffaa0eb8000 	C:\windows\SYSTEM32\kernel.appcore.dll
0x00007ffa77450000 - 0x00007ffa7745a000 	c:\Users\rihab\.vscode\extensions\redhat.java-1.54.0-win32-x64\jre\21.0.10-win32-x86_64\bin\jimage.dll
0x00007ffa9f870000 - 0x00007ffa9faa3000 	C:\windows\SYSTEM32\DBGHELP.DLL
0x00007ffaa3dd0000 - 0x00007ffaa4161000 	C:\windows\System32\combase.dll
0x00007ffaa4910000 - 0x00007ffaa49e8000 	C:\windows\System32\OLEAUT32.dll
0x00007ffa86d30000 - 0x00007ffa86d62000 	C:\windows\SYSTEM32\dbgcore.DLL
0x00007ffaa2600000 - 0x00007ffaa267b000 	C:\windows\System32\bcryptPrimitives.dll
0x00007ffa879e0000 - 0x00007ffa879ef000 	c:\Users\rihab\.vscode\extensions\redhat.java-1.54.0-win32-x64\jre\21.0.10-win32-x86_64\bin\instrument.dll
0x00007ffa30600000 - 0x00007ffa30620000 	c:\Users\rihab\.vscode\extensions\redhat.java-1.54.0-win32-x64\jre\21.0.10-win32-x86_64\bin\java.dll
0x00007ffaa2fc0000 - 0x00007ffaa385c000 	C:\windows\System32\SHELL32.dll
0x00007ffaa1ef0000 - 0x00007ffaa202f000 	C:\windows\System32\wintypes.dll
0x00007ffa9fdc0000 - 0x00007ffaa06da000 	C:\windows\SYSTEM32\windows.storage.dll
0x00007ffaa38f0000 - 0x00007ffaa39f4000 	C:\windows\System32\SHCORE.dll
0x00007ffaa2bd0000 - 0x00007ffaa2c39000 	C:\windows\System32\shlwapi.dll
0x00007ffaa1df0000 - 0x00007ffaa1e15000 	C:\windows\SYSTEM32\profapi.dll
0x00007ffa2d000000 - 0x00007ffa2d018000 	c:\Users\rihab\.vscode\extensions\redhat.java-1.54.0-win32-x64\jre\21.0.10-win32-x86_64\bin\zip.dll
0x00007ffa6f0d0000 - 0x00007ffa6f0e0000 	C:\Users\rihab\.vscode\extensions\redhat.java-1.54.0-win32-x64\jre\21.0.10-win32-x86_64\bin\net.dll
0x00007ffa9b6b0000 - 0x00007ffa9b7dc000 	C:\windows\SYSTEM32\WINHTTP.dll
0x00007ffaa1380000 - 0x00007ffaa13e9000 	C:\windows\system32\mswsock.dll
0x00007ffa25540000 - 0x00007ffa25556000 	C:\Users\rihab\.vscode\extensions\redhat.java-1.54.0-win32-x64\jre\21.0.10-win32-x86_64\bin\nio.dll
0x00007ffa858e0000 - 0x00007ffa858f0000 	c:\Users\rihab\.vscode\extensions\redhat.java-1.54.0-win32-x64\jre\21.0.10-win32-x86_64\bin\verify.dll
0x00007ffa05020000 - 0x00007ffa05065000 	C:\Users\rihab\AppData\Roaming\Code\User\globalStorage\redhat.java\1.54.0\config_win\org.eclipse.equinox.launcher\org.eclipse.equinox.launcher.win32.win32.x86_64_1.3.0.v20260203-2149\eclipse_11919.dll
0x00007ffaa3ad0000 - 0x00007ffaa3c71000 	C:\windows\System32\ole32.dll
0x00007ffaa15d0000 - 0x00007ffaa15eb000 	C:\windows\SYSTEM32\CRYPTSP.dll
0x00007ffaa0e00000 - 0x00007ffaa0e37000 	C:\windows\system32\rsaenh.dll
0x00007ffaa1470000 - 0x00007ffaa1498000 	C:\windows\SYSTEM32\USERENV.dll
0x00007ffaa15f0000 - 0x00007ffaa15fc000 	C:\windows\SYSTEM32\CRYPTBASE.dll
0x00007ffaa0940000 - 0x00007ffaa096d000 	C:\windows\SYSTEM32\IPHLPAPI.DLL
0x00007ffaa2a90000 - 0x00007ffaa2a99000 	C:\windows\System32\NSI.dll
0x00007ffa2be80000 - 0x00007ffa2bec9000 	C:\Users\rihab\AppData\Local\Temp\jna-108512498\jna4413989526199077242.dll
0x00007ffaa2a80000 - 0x00007ffaa2a88000 	C:\windows\System32\PSAPI.DLL
0x00007ffa9b560000 - 0x00007ffa9b579000 	C:\windows\SYSTEM32\dhcpcsvc6.DLL
0x00007ffa9b510000 - 0x00007ffa9b52f000 	C:\windows\SYSTEM32\dhcpcsvc.DLL
0x00007ffa860f0000 - 0x00007ffa860fe000 	C:\Users\rihab\.vscode\extensions\redhat.java-1.54.0-win32-x64\jre\21.0.10-win32-x86_64\bin\sunmscapi.dll
0x00007ffaa20b0000 - 0x00007ffaa2218000 	C:\windows\System32\CRYPT32.dll
0x00007ffaa1790000 - 0x00007ffaa17be000 	C:\windows\SYSTEM32\ncrypt.dll
0x00007ffaa1750000 - 0x00007ffaa1787000 	C:\windows\SYSTEM32\NTASN1.dll
0x00007ffaa09b0000 - 0x00007ffaa0aa8000 	C:\windows\SYSTEM32\DNSAPI.dll
0x00007ffa89260000 - 0x00007ffa8926a000 	C:\Windows\System32\rasadhlp.dll
0x00007ffa993c0000 - 0x00007ffa99444000 	C:\windows\System32\fwpuclnt.dll
0x00007ffa89c40000 - 0x00007ffa89c49000 	C:\Users\rihab\.vscode\extensions\redhat.java-1.54.0-win32-x64\jre\21.0.10-win32-x86_64\bin\extnet.dll

JVMTI agents:
c:\Users\rihab\.vscode\extensions\redhat.java-1.54.0-win32-x64\lombok\lombok-1.18.39-4050.jar path:c:\Users\rihab\.vscode\extensions\redhat.java-1.54.0-win32-x64\jre\21.0.10-win32-x86_64\bin\instrument.dll, loaded, initialized, instrumentlib options:none

dbghelp: loaded successfully - version: 4.0.5 - missing functions: none
symbol engine: initialized successfully - sym options: 0x614 - pdb path: .;c:\Users\rihab\.vscode\extensions\redhat.java-1.54.0-win32-x64\jre\21.0.10-win32-x86_64\bin;C:\windows\SYSTEM32;C:\windows\WinSxS\amd64_microsoft.windows.common-controls_6595b64144ccf1df_6.0.22621.6060_none_2712eda17382d24b;c:\Users\rihab\.vscode\extensions\redhat.java-1.54.0-win32-x64\jre\21.0.10-win32-x86_64\bin\server;C:\Users\rihab\AppData\Roaming\Code\User\globalStorage\redhat.java\1.54.0\config_win\org.eclipse.equinox.launcher\org.eclipse.equinox.launcher.win32.win32.x86_64_1.3.0.v20260203-2149;C:\Users\rihab\AppData\Local\Temp\jna-108512498

VM Arguments:
jvm_args: --add-modules=ALL-SYSTEM --add-opens=java.base/java.util=ALL-UNNAMED --add-opens=java.base/java.lang=ALL-UNNAMED --add-opens=java.base/sun.nio.fs=ALL-UNNAMED -Declipse.application=org.eclipse.jdt.ls.core.id1 -Dosgi.bundles.defaultStartLevel=4 -Declipse.product=org.eclipse.jdt.ls.core.product -Djava.import.generatesMetadataFilesAtProjectRoot=false -DDetectVMInstallationsJob.disabled=true -Dfile.encoding=utf8 -XX:+UseParallelGC -XX:GCTimeRatio=4 -XX:AdaptiveSizePolicyWeight=90 -Dsun.zip.disableMemoryMapping=true -Xmx2G -Xms100m -Xlog:disable -javaagent:c:\Users\rihab\.vscode\extensions\redhat.java-1.54.0-win32-x64\lombok\lombok-1.18.39-4050.jar -XX:+HeapDumpOnOutOfMemoryError -XX:HeapDumpPath=c:\Users\rihab\AppData\Roaming\Code\User\workspaceStorage\286a935599f16795b0ff6795763e5c93\redhat.java -Daether.dependencyCollector.impl=bf 
java_command: c:\Users\rihab\.vscode\extensions\redhat.java-1.54.0-win32-x64\server\plugins\org.eclipse.equinox.launcher_1.7.100.v20251111-0406.jar -configuration c:\Users\rihab\AppData\Roaming\Code\User\globalStorage\redhat.java\1.54.0\config_win -data c:\Users\rihab\AppData\Roaming\Code\User\workspaceStorage\286a935599f16795b0ff6795763e5c93\redhat.java\jdt_ws --pipe=\\.\pipe\lsp-0fcfd613153c1b181453d7d3c048e035-sock
java_class_path (initial): c:\Users\rihab\.vscode\extensions\redhat.java-1.54.0-win32-x64\server\plugins\org.eclipse.equinox.launcher_1.7.100.v20251111-0406.jar
Launcher Type: SUN_STANDARD

[Global flags]
    uintx AdaptiveSizePolicyWeight                 = 90                                        {product} {command line}
     intx CICompilerCount                          = 3                                         {product} {ergonomic}
    uintx GCTimeRatio                              = 4                                         {product} {command line}
     bool HeapDumpOnOutOfMemoryError               = true                                   {manageable} {command line}
    ccstr HeapDumpPath                             = c:\Users\rihab\AppData\Roaming\Code\User\workspaceStorage\286a935599f16795b0ff6795763e5c93\redhat.java         {manageable} {command line}
   size_t InitialHeapSize                          = 104857600                                 {product} {command line}
   size_t MaxHeapSize                              = 2147483648                                {product} {command line}
   size_t MaxNewSize                               = 715653120                                 {product} {ergonomic}
   size_t MinHeapDeltaBytes                        = 524288                                    {product} {ergonomic}
   size_t MinHeapSize                              = 104857600                                 {product} {command line}
   size_t NewSize                                  = 34603008                                  {product} {ergonomic}
    uintx NonNMethodCodeHeapSize                   = 5832780                                {pd product} {ergonomic}
    uintx NonProfiledCodeHeapSize                  = 122912730                              {pd product} {ergonomic}
   size_t OldSize                                  = 70254592                                  {product} {ergonomic}
    uintx ProfiledCodeHeapSize                     = 122912730                              {pd product} {ergonomic}
    uintx ReservedCodeCacheSize                    = 251658240                              {pd product} {ergonomic}
     bool SegmentedCodeCache                       = true                                      {product} {ergonomic}
   size_t SoftMaxHeapSize                          = 2147483648                             {manageable} {ergonomic}
     bool UseCompressedOops                        = true                           {product lp64_product} {ergonomic}
     bool UseLargePagesIndividualAllocation        = false                                  {pd product} {ergonomic}
     bool UseParallelGC                            = true                                      {product} {command line}

Logging:
Log output configuration:
 #0: stdout all=off uptime,level,tags foldmultilines=false
 #1: stderr all=off uptime,level,tags foldmultilines=false

Release file:
JAVA_VERSION="21.0.10" 
MODULES="java.base java.compiler java.datatransfer java.xml java.prefs java.desktop java.instrument java.logging java.management java.security.sasl java.naming java.rmi java.management.rmi java.net.http java.scripting java.security.jgss java.transaction.xa java.sql java.sql.rowset java.xml.crypto java.se java.smartcardio jdk.accessibility jdk.internal.jvmstat jdk.attach jdk.charsets jdk.internal.opt jdk.zipfs jdk.compiler jdk.crypto.ec jdk.crypto.cryptoki jdk.crypto.mscapi jdk.dynalink jdk.internal.ed jdk.editpad jdk.hotspot.agent jdk.httpserver jdk.internal.le jdk.internal.vm.ci jdk.internal.vm.compiler jdk.internal.vm.compiler.management jdk.jartool jdk.javadoc jdk.jcmd jdk.management jdk.management.agent jdk.jconsole jdk.jdeps jdk.jdwp.agent jdk.jdi jdk.jfr jdk.jshell jdk.jsobject jdk.jstatd jdk.localedata jdk.management.jfr jdk.naming.dns jdk.naming.rmi jdk.net jdk.nio.mapmode jdk.random jdk.sctp jdk.security.auth jdk.security.jgss jdk.unsupported jdk.unsupported.desktop jdk.xml.dom" 

Environment Variables:
JAVA_HOME=D:\Program Files\java\jdk-17
PATH=C:\Users\rihab\AppData\Local\Programs\Microsoft VS Code;C:\windows\system32;C:\windows;C:\windows\System32\Wbem;C:\windows\System32\WindowsPowerShell\v1.0\;C:\windows\System32\OpenSSH\;C:\php-8.3.7-Win32-vs16-x64;D:\Download\jaxws-ri-2.3.1\jaxws-ri\bin;D:\Program Files\nodejs\;C:\ProgramData\chocolatey\bin;D:\Installation\git\Git\cmd;D:\Program Files\java\jdk-17\bin;D:\Installation\maven3.9.11\apache-maven-3.9.11\bin;D:\Program Files\cursor\cursor\resources\app\bin;C:\Users\rihab\AppData\Local\Programs\Python\Python313\Scripts\;C:\Users\rihab\AppData\Local\Programs\Python\Python313\;C:\Users\rihab\AppData\Local\Microsoft\WindowsApps;C:\Users\rihab\AppData\Roaming\npm;C:\Users\rihab\AppData\Local\Programs\Microsoft VS Code\bin;C:\Users\rihab\AppData\Local\Python\bin;C:\Users\rihab\AppData\Local\GitHubDesktop\bin;;D:\pfe\Warp\bin;D:\Installation\coduim\Windsurf\bin;D:\Installation\intellIj\IntelliJ IDEA 2026.1\bin
USERNAME=rihab
OS=Windows_NT
PROCESSOR_IDENTIFIER=Intel64 Family 6 Model 122 Stepping 8, GenuineIntel
TMP=C:\Users\rihab\AppData\Local\Temp
TEMP=C:\Users\rihab\AppData\Local\Temp




Periodic native trim disabled

---------------  S Y S T E M  ---------------

OS:
 Windows 11 , 64 bit Build 22621 (10.0.22621.5415)
OS uptime: 4 days 15:00 hours

CPU: total 4 (initial active 4) (4 cores per cpu, 1 threads per core) family 6 model 122 stepping 8 microcode 0x20, cx8, cmov, fxsr, mmx, 3dnowpref, sse, sse2, sse3, ssse3, sse4.1, sse4.2, popcnt, tsc, tscinvbit, aes, erms, clmul, sha, clflush, clflushopt, rdtscp, rdpid
Processor Information for the first 4 processors :
  Max Mhz: 1101, Current Mhz: 1101, Mhz Limit: 1101

Memory: 4k page, system-wide physical 16146M (3655M free)
TotalPageFile size 17265M (AvailPageFile size 4M)
current process WorkingSet (physical memory assigned to process): 370M, peak: 378M
current process commit charge ("private bytes"): 430M, peak: 437M

vm_info: OpenJDK 64-Bit Server VM (21.0.10+7-LTS) for windows-amd64 JRE (21.0.10+7-LTS), built on 2026-01-20T00:00:00Z by "admin" with MS VC++ 17.12 (VS2022)

END.
