#
# There is insufficient memory for the Java Runtime Environment to continue.
# Native memory allocation (mmap) failed to map 134217728 bytes for G1 virtual space
# Possible reasons:
#   The system is out of physical RAM or swap space
#   The process is running with CompressedOops enabled, and the Java Heap may be blocking the growth of the native heap
# Possible solutions:
#   Reduce memory load on the system
#   Increase physical memory or swap space
#   Check if swap backing store is full
#   Decrease Java heap size (-Xmx/-Xms)
#   Decrease number of Java threads
#   Decrease Java thread stack sizes (-Xss)
#   Set larger code cache with -XX:ReservedCodeCacheSize=
#   JVM is running with Unscaled Compressed Oops mode in which the Java heap is
#     placed in the first 4GB address space. The Java Heap base address is the
#     maximum limit for the native heap growth. Please use -XX:HeapBaseMinAddress
#     to set the Java Heap base and to place the Java Heap above 4GB virtual address.
# This output file may be truncated or incomplete.
#
#  Out of Memory Error (os_windows.cpp:3548), pid=16816, tid=11228
#
# JRE version:  (17.0.12+8) (build )
# Java VM: Java HotSpot(TM) 64-Bit Server VM (17.0.12+8-LTS-286, mixed mode, sharing, tiered, compressed oops, compressed class ptrs, g1 gc, windows-amd64)
# No core dump will be written. Minidumps are not enabled by default on client versions of Windows
#

---------------  S U M M A R Y ------------

Command Line: -Xms128m -Xmx512m -Dclassworlds.conf=C:\Users\rihab\.m2\wrapper\dists\apache-maven-3.9.11\03d7e36a140982eea48e22c1dcac01d8862b2550b2939e09a0809bbc5182a5bc\bin\m2.conf -Dmaven.home=C:\Users\rihab\.m2\wrapper\dists\apache-maven-3.9.11\03d7e36a140982eea48e22c1dcac01d8862b2550b2939e09a0809bbc5182a5bc -Dlibrary.jansi.path=C:\Users\rihab\.m2\wrapper\dists\apache-maven-3.9.11\03d7e36a140982eea48e22c1dcac01d8862b2550b2939e09a0809bbc5182a5bc\lib\jansi-native -Dmaven.multiModuleProjectDirectory=D:\rihab\OneDrive\Bureau\practice\spring-boot-school-backend\demo org.codehaus.plexus.classworlds.launcher.Launcher -DskipTests compile

Host: Intel(R) Celeron(R) N4120 CPU @ 1.10GHz, 4 cores, 15G,  Windows 11 , 64 bit Build 22621 (10.0.22621.5415)
Time: Mon Apr 27 01:15:01 2026 W. Central Africa Standard Time elapsed time: 0.034444 seconds (0d 0h 0m 0s)

---------------  T H R E A D  ---------------

Current thread (0x000001d0744982a0):  JavaThread "Unknown thread" [_thread_in_vm, id=11228, stack(0x00000090f3200000,0x00000090f3300000)]

Stack: [0x00000090f3200000,0x00000090f3300000]
Native frames: (J=compiled Java code, j=interpreted, Vv=VM code, C=native code)
V  [jvm.dll+0x67a04a]
V  [jvm.dll+0x7da4ed]
V  [jvm.dll+0x7dbe33]
V  [jvm.dll+0x7dc4a3]
V  [jvm.dll+0x24508f]
V  [jvm.dll+0x677089]
V  [jvm.dll+0x66bd32]
V  [jvm.dll+0x301fa6]
V  [jvm.dll+0x309546]
V  [jvm.dll+0x359d2e]
V  [jvm.dll+0x359f5f]
V  [jvm.dll+0x2d9078]
V  [jvm.dll+0x2d9fe4]
V  [jvm.dll+0x7aca21]
V  [jvm.dll+0x367591]
V  [jvm.dll+0x78b999]
V  [jvm.dll+0x3ec83f]
V  [jvm.dll+0x3ee471]
C  [jli.dll+0x5297]
C  [ucrtbase.dll+0x29333]
C  [KERNEL32.DLL+0x1259d]
C  [ntdll.dll+0x5af78]


---------------  P R O C E S S  ---------------

Threads class SMR info:
_java_thread_list=0x00007ff8a3727a18, length=0, elements={
}

Java Threads: ( => current thread )

Other Threads:
  0x000001d0744c5b40 GCTaskThread "GC Thread#0" [stack: 0x00000090f3300000,0x00000090f3400000] [id=8824]
  0x000001d0744caa90 ConcurrentGCThread "G1 Main Marker" [stack: 0x00000090f3400000,0x00000090f3500000] [id=16856]
  0x000001d0744cb4a0 ConcurrentGCThread "G1 Conc#0" [stack: 0x00000090f3500000,0x00000090f3600000] [id=14112]

[error occurred during error reporting (printing all threads), id 0xc0000005, EXCEPTION_ACCESS_VIOLATION (0xc0000005) at pc=0x00007ff8a2f59b67]

VM state: not at safepoint (not fully initialized)

VM Mutex/Monitor currently owned by a thread:  ([mutex/lock_event])
[0x000001d074493bf0] Heap_lock - owner thread: 0x000001d0744982a0

Heap address: 0x00000000e0000000, size: 512 MB, Compressed Oops mode: 32-bit

CDS archive(s) mapped at: [0x0000000000000000-0x0000000000000000-0x0000000000000000), size 0, SharedBaseAddress: 0x0000000800000000, ArchiveRelocationMode: 1.
Narrow klass base: 0x0000000000000000, Narrow klass shift: 0, Narrow klass range: 0x0

GC Precious Log:
<Empty>

Heap:
 garbage-first heap   total 0K, used 0K [0x00000000e0000000, 0x0000000100000000)
  region size 1024K, 0 young (0K), 0 survivors (0K)

[error occurred during error reporting (printing heap information), id 0xc0000005, EXCEPTION_ACCESS_VIOLATION (0xc0000005) at pc=0x00007ff8a3343859]

GC Heap History (0 events):
No events

Deoptimization events (0 events):
No events

Classes unloaded (0 events):
No events

Classes redefined (0 events):
No events

Internal exceptions (0 events):
No events

VM Operations (0 events):
No events

Events (1 events):
Event: 0.017 Loaded shared library D:\Program Files\java\jdk-17\bin\java.dll


Dynamic libraries:
0x00007ff600860000 - 0x00007ff600870000 	D:\Program Files\java\jdk-17\bin\java.exe
0x00007ff8f6fb0000 - 0x00007ff8f71c8000 	C:\windows\SYSTEM32\ntdll.dll
0x00007ff8f62b0000 - 0x00007ff8f6374000 	C:\windows\System32\KERNEL32.DLL
0x00007ff8f4350000 - 0x00007ff8f4723000 	C:\windows\System32\KERNELBASE.dll
0x00007ff8f4b30000 - 0x00007ff8f4c41000 	C:\windows\System32\ucrtbase.dll
0x00007ff8ee040000 - 0x00007ff8ee05b000 	D:\Program Files\java\jdk-17\bin\VCRUNTIME140.dll
0x00007ff8ee020000 - 0x00007ff8ee039000 	D:\Program Files\java\jdk-17\bin\jli.dll
0x00007ff8f5880000 - 0x00007ff8f5931000 	C:\windows\System32\ADVAPI32.dll
0x00007ff8f6de0000 - 0x00007ff8f6e87000 	C:\windows\System32\msvcrt.dll
0x00007ff8f4d00000 - 0x00007ff8f4da8000 	C:\windows\System32\sechost.dll
0x00007ff8f41e0000 - 0x00007ff8f4208000 	C:\windows\System32\bcrypt.dll
0x00007ff8f59b0000 - 0x00007ff8f5ac8000 	C:\windows\System32\RPCRT4.dll
0x00007ff8f4e40000 - 0x00007ff8f4ff2000 	C:\windows\System32\USER32.dll
0x00007ff8f48a0000 - 0x00007ff8f48c6000 	C:\windows\System32\win32u.dll
0x00007ff8d9b10000 - 0x00007ff8d9dac000 	C:\windows\WinSxS\amd64_microsoft.windows.common-controls_6595b64144ccf1df_6.0.22621.6060_none_2712eda17382d24b\COMCTL32.dll
0x00007ff8f5ff0000 - 0x00007ff8f6019000 	C:\windows\System32\GDI32.dll
0x00007ff8f40c0000 - 0x00007ff8f41db000 	C:\windows\System32\gdi32full.dll
0x00007ff8f48d0000 - 0x00007ff8f496a000 	C:\windows\System32\msvcp_win.dll
0x00007ff8edd50000 - 0x00007ff8edd5a000 	C:\windows\SYSTEM32\VERSION.dll
0x00007ff8f53a0000 - 0x00007ff8f53d1000 	C:\windows\System32\IMM32.DLL
0x00007ff8efc00000 - 0x00007ff8efc0c000 	D:\Program Files\java\jdk-17\bin\vcruntime140_1.dll
0x00007ff8dd3c0000 - 0x00007ff8dd44e000 	D:\Program Files\java\jdk-17\bin\msvcp140.dll
0x00007ff8a2c70000 - 0x00007ff8a3850000 	D:\Program Files\java\jdk-17\bin\server\jvm.dll
0x00007ff8f53f0000 - 0x00007ff8f53f8000 	C:\windows\System32\PSAPI.DLL
0x00007ff8efbc0000 - 0x00007ff8efbf4000 	C:\windows\SYSTEM32\WINMM.dll
0x00007ff8ee070000 - 0x00007ff8ee079000 	C:\windows\SYSTEM32\WSOCK32.dll
0x00007ff8f5c20000 - 0x00007ff8f5c91000 	C:\windows\System32\WS2_32.dll
0x00007ff8f30a0000 - 0x00007ff8f30b8000 	C:\windows\SYSTEM32\kernel.appcore.dll
0x00007ff8ee010000 - 0x00007ff8ee01a000 	D:\Program Files\java\jdk-17\bin\jimage.dll
0x00007ff8f1a20000 - 0x00007ff8f1c53000 	C:\windows\SYSTEM32\DBGHELP.DLL
0x00007ff8f5000000 - 0x00007ff8f5391000 	C:\windows\System32\combase.dll
0x00007ff8f6e90000 - 0x00007ff8f6f68000 	C:\windows\System32\OLEAUT32.dll
0x00007ff8d8c30000 - 0x00007ff8d8c62000 	C:\windows\SYSTEM32\dbgcore.DLL
0x00007ff8f49f0000 - 0x00007ff8f4a6b000 	C:\windows\System32\bcryptPrimitives.dll
0x00007ff8edf80000 - 0x00007ff8edfa5000 	D:\Program Files\java\jdk-17\bin\java.dll

dbghelp: loaded successfully - version: 4.0.5 - missing functions: none
symbol engine: initialized successfully - sym options: 0x614 - pdb path: .;D:\Program Files\java\jdk-17\bin;C:\windows\SYSTEM32;C:\windows\WinSxS\amd64_microsoft.windows.common-controls_6595b64144ccf1df_6.0.22621.6060_none_2712eda17382d24b;D:\Program Files\java\jdk-17\bin\server

VM Arguments:
jvm_args: -Xms128m -Xmx512m -Dclassworlds.conf=C:\Users\rihab\.m2\wrapper\dists\apache-maven-3.9.11\03d7e36a140982eea48e22c1dcac01d8862b2550b2939e09a0809bbc5182a5bc\bin\m2.conf -Dmaven.home=C:\Users\rihab\.m2\wrapper\dists\apache-maven-3.9.11\03d7e36a140982eea48e22c1dcac01d8862b2550b2939e09a0809bbc5182a5bc -Dlibrary.jansi.path=C:\Users\rihab\.m2\wrapper\dists\apache-maven-3.9.11\03d7e36a140982eea48e22c1dcac01d8862b2550b2939e09a0809bbc5182a5bc\lib\jansi-native -Dmaven.multiModuleProjectDirectory=D:\rihab\OneDrive\Bureau\practice\spring-boot-school-backend\demo 
java_command: org.codehaus.plexus.classworlds.launcher.Launcher -DskipTests compile
java_class_path (initial): C:\Users\rihab\.m2\wrapper\dists\apache-maven-3.9.11\03d7e36a140982eea48e22c1dcac01d8862b2550b2939e09a0809bbc5182a5bc\boot\plexus-classworlds-2.9.0.jar
Launcher Type: SUN_STANDARD

[Global flags]
     intx CICompilerCount                          = 3                                         {product} {ergonomic}
     uint ConcGCThreads                            = 1                                         {product} {ergonomic}
     uint G1ConcRefinementThreads                  = 4                                         {product} {ergonomic}
   size_t G1HeapRegionSize                         = 1048576                                   {product} {ergonomic}
    uintx GCDrainStackTargetSize                   = 64                                        {product} {ergonomic}
   size_t InitialHeapSize                          = 134217728                                 {product} {command line}
   size_t MarkStackSize                            = 4194304                                   {product} {ergonomic}
   size_t MaxHeapSize                              = 536870912                                 {product} {command line}
   size_t MinHeapDeltaBytes                        = 1048576                                   {product} {ergonomic}
   size_t MinHeapSize                              = 134217728                                 {product} {command line}
    uintx NonNMethodCodeHeapSize                   = 5832780                                {pd product} {ergonomic}
    uintx NonProfiledCodeHeapSize                  = 122912730                              {pd product} {ergonomic}
    uintx ProfiledCodeHeapSize                     = 122912730                              {pd product} {ergonomic}
    uintx ReservedCodeCacheSize                    = 251658240                              {pd product} {ergonomic}
     bool SegmentedCodeCache                       = true                                      {product} {ergonomic}
   size_t SoftMaxHeapSize                          = 536870912                              {manageable} {ergonomic}
     bool UseCompressedClassPointers               = true                           {product lp64_product} {ergonomic}
     bool UseCompressedOops                        = true                           {product lp64_product} {ergonomic}
     bool UseG1GC                                  = true                                      {product} {ergonomic}
     bool UseLargePagesIndividualAllocation        = false                                  {pd product} {ergonomic}

Logging:
Log output configuration:
 #0: stdout all=warning uptime,level,tags
 #1: stderr all=off uptime,level,tags

Environment Variables:
JAVA_HOME=D:\Program Files\java\jdk-17
PATH=C:\windows\system32;C:\windows;C:\windows\System32\Wbem;C:\windows\System32\WindowsPowerShell\v1.0\;C:\windows\System32\OpenSSH\;C:\php-8.3.7-Win32-vs16-x64;D:\Download\jaxws-ri-2.3.1\jaxws-ri\bin;D:\Program Files\nodejs\;C:\ProgramData\chocolatey\bin;D:\Installation\git\Git\cmd;D:\Program Files\java\jdk-17\bin;D:\Installation\maven3.9.11\apache-maven-3.9.11\bin;D:\Program Files\cursor\cursor\resources\app\bin;C:\Users\rihab\AppData\Local\Programs\Python\Python313\Scripts\;C:\Users\rihab\AppData\Local\Programs\Python\Python313\;C:\Users\rihab\AppData\Local\Microsoft\WindowsApps;C:\Users\rihab\AppData\Roaming\npm;C:\Users\rihab\AppData\Local\Programs\Microsoft VS Code\bin;C:\Users\rihab\AppData\Local\Python\bin;C:\Users\rihab\AppData\Local\GitHubDesktop\bin;;D:\pfe\Warp\bin;D:\Installation\coduim\Windsurf\bin;D:\Installation\intellIj\IntelliJ IDEA 2026.1\bin
USERNAME=rihab
OS=Windows_NT
PROCESSOR_IDENTIFIER=Intel64 Family 6 Model 122 Stepping 8, GenuineIntel



---------------  S Y S T E M  ---------------

OS:
 Windows 11 , 64 bit Build 22621 (10.0.22621.5415)
OS uptime: 0 days 0:58 hours

CPU: total 4 (initial active 4) (4 cores per cpu, 1 threads per core) family 6 model 122 stepping 8 microcode 0x20, cx8, cmov, fxsr, mmx, 3dnowpref, sse, sse2, sse3, ssse3, sse4.1, sse4.2, popcnt, tsc, tscinvbit, aes, erms, clmul, sha, clflush, clflushopt

Memory: 4k page, system-wide physical 16146M (2381M free)
TotalPageFile size 17987M (AvailPageFile size 43M)
current process WorkingSet (physical memory assigned to process): 11M, peak: 11M
current process commit charge ("private bytes"): 51M, peak: 179M

vm_info: Java HotSpot(TM) 64-Bit Server VM (17.0.12+8-LTS-286) for windows-amd64 JRE (17.0.12+8-LTS-286), built on Jun  5 2024 06:46:59 by "mach5one" with MS VC++ 17.6 (VS2022)

END.
